// Jest Snapshot v1, https://goo.gl/fbAQLP

exports[`Quote component testing Renders correctly 1`] = `
<div
  className="quote"
>
  <p>
    “ Mathematics is not about numbers, equations, computations or algorithms; it’s about understanding.” - William Thurston.
  </p>
</div>
`;
